#
# There is insufficient memory for the Java Runtime Environment to continue.
# Native memory allocation (mmap) failed to map 704643072 bytes. Error detail: G1 virtual space
# Possible reasons:
#   The system is out of physical RAM or swap space
#   This process is running with CompressedOops enabled, and the Java Heap may be blocking the growth of the native heap
# Possible solutions:
#   Reduce memory load on the system
#   Increase physical memory or swap space
#   Check if swap backing store is full
#   Decrease Java heap size (-Xmx/-Xms)
#   Decrease number of Java threads
#   Decrease Java thread stack sizes (-Xss)
#   Set larger code cache with -XX:ReservedCodeCacheSize=
#   JVM is running with Zero Based Compressed Oops mode in which the Java heap is
#     placed in the first 32GB address space. The Java Heap base address is the
#     maximum limit for the native heap growth. Please use -XX:HeapBaseMinAddress
#     to set the Java Heap base and to place the Java Heap above 32GB virtual address.
# This output file may be truncated or incomplete.
#
#  Out of Memory Error (os_windows.cpp:3714), pid=7512, tid=15724
#
# JRE version: OpenJDK Runtime Environment Temurin-21.0.11+10 (21.0.11+10) (build 21.0.11+10-LTS)
# Java VM: OpenJDK 64-Bit Server VM Temurin-21.0.11+10 (21.0.11+10-LTS, mixed mode, sharing, tiered, compressed oops, compressed class ptrs, g1 gc, windows-amd64)
# No core dump will be written. Minidumps are not enabled by default on client versions of Windows
#

---------------  S U M M A R Y ------------

Command Line: --add-opens=java.base/java.lang=ALL-UNNAMED --add-opens=java.base/java.lang.invoke=ALL-UNNAMED --add-opens=java.base/java.util=ALL-UNNAMED --add-opens=java.prefs/java.util.prefs=ALL-UNNAMED --add-exports=jdk.compiler/com.sun.tools.javac.api=ALL-UNNAMED --add-exports=jdk.compiler/com.sun.tools.javac.util=ALL-UNNAMED --add-opens=java.base/java.util=ALL-UNNAMED --add-opens=java.prefs/java.util.prefs=ALL-UNNAMED --add-opens=java.base/java.nio.charset=ALL-UNNAMED --add-opens=java.base/java.net=ALL-UNNAMED --add-opens=java.base/java.util.concurrent=ALL-UNNAMED --add-opens=java.base/java.util.concurrent.atomic=ALL-UNNAMED --add-opens=java.xml/javax.xml.namespace=ALL-UNNAMED --add-opens=java.base/java.time=ALL-UNNAMED -XX:MaxMetaspaceSize=4G -XX:ReservedCodeCacheSize=512m -XX:+HeapDumpOnOutOfMemoryError -Xmx8G -Dfile.encoding=UTF-8 -Duser.country=US -Duser.language=en -Duser.variant -javaagent:C:\Users\kimch\.gradle\wrapper\dists\gradle-9.1.0-all\7wzd0jkjit61aq2p43wpjgij9\gradle-9.1.0\lib\agents\gradle-instrumentation-agent-9.1.0.jar org.gradle.launcher.daemon.bootstrap.GradleDaemon 9.1.0

Host: Intel(R) Core(TM) i3-1005G1 CPU @ 1.20GHz, 4 cores, 3G,  Windows 11 , 64 bit Build 26100 (10.0.26100.8875)
Time: Wed Jul 22 05:21:19 2026 SE Asia Standard Time elapsed time: 13406.978047 seconds (0d 3h 43m 26s)

---------------  T H R E A D  ---------------

Current thread (0x000002a3fbe47b60):  VMThread "VM Thread"          [id=15724, stack(0x000000e712300000,0x000000e712400000) (1024K)]

Stack: [0x000000e712300000,0x000000e712400000]
Native frames: (J=compiled Java code, j=interpreted, Vv=VM code, C=native code)
V  [jvm.dll+0x6d7e19]
V  [jvm.dll+0x8b5096]
V  [jvm.dll+0x8b764e]
V  [jvm.dll+0x8b7d33]
V  [jvm.dll+0x284596]
V  [jvm.dll+0x6d4735]
V  [jvm.dll+0x6c845a]
V  [jvm.dll+0x35ef08]
V  [jvm.dll+0x366b46]
V  [jvm.dll+0x3b7c2e]
V  [jvm.dll+0x3b7ed8]
V  [jvm.dll+0x33310c]
V  [jvm.dll+0x333197]
V  [jvm.dll+0x376f6c]
V  [jvm.dll+0x37570e]
V  [jvm.dll+0x332851]
V  [jvm.dll+0x374d7a]
V  [jvm.dll+0x8bda20]
V  [jvm.dll+0x8bed94]
V  [jvm.dll+0x8bf2c0]
V  [jvm.dll+0x8bf563]
V  [jvm.dll+0x85fb0d]
V  [jvm.dll+0x6d664d]
C  [ucrtbase.dll+0x2cd30]
C  [KERNEL32.DLL+0x2e957]
C  [ntdll.dll+0xaad6c]

VM_Operation (0x000000e7133fe550): G1CollectForAllocation, mode: safepoint, requested by thread 0x000002a3fc618840


---------------  P R O C E S S  ---------------

Threads class SMR info:
_java_thread_list=0x000002a3c8395490, length=35, elements={
0x000002a3caac0c90, 0x000002a3fbe67e70, 0x000002a3fbe6f620, 0x000002a3fbe766a0,
0x000002a3fbe77100, 0x000002a3fbe77b60, 0x000002a3fbe785c0, 0x000002a3fbe79350,
0x000002a3fbe7e730, 0x000002a3fc401660, 0x000002a3fc3f0880, 0x000002a3fdd03860,
0x000002a3fdb6dcb0, 0x000002a3fc618840, 0x000002a3fc547b90, 0x000002a3fc545430,
0x000002a3fc544710, 0x000002a3c505a8a0, 0x000002a3c5058140, 0x000002a3c5059b80,
0x000002a3fc65a6a0, 0x000002a3c795fd60, 0x000002a3fc65b3c0, 0x000002a3fc657f40,
0x000002a3fc65d490, 0x000002a3fc65e840, 0x000002a3fc65e1b0, 0x000002a3fc65ba50,
0x000002a3fc65db20, 0x000002a3fc65c0e0, 0x000002a3fc65c770, 0x000002a3fc65ce00,
0x000002a3c505bc50, 0x000002a3c505c970, 0x000002a3c505af30
}

Java Threads: ( => current thread )
  0x000002a3caac0c90 JavaThread "main"                              [_thread_blocked, id=18644, stack(0x000000e711c00000,0x000000e711d00000) (1024K)]
  0x000002a3fbe67e70 JavaThread "Reference Handler"          daemon [_thread_blocked, id=18512, stack(0x000000e712400000,0x000000e712500000) (1024K)]
  0x000002a3fbe6f620 JavaThread "Finalizer"                  daemon [_thread_blocked, id=19064, stack(0x000000e712500000,0x000000e712600000) (1024K)]
  0x000002a3fbe766a0 JavaThread "Signal Dispatcher"          daemon [_thread_blocked, id=2064, stack(0x000000e712600000,0x000000e712700000) (1024K)]
  0x000002a3fbe77100 JavaThread "Attach Listener"            daemon [_thread_blocked, id=9748, stack(0x000000e712700000,0x000000e712800000) (1024K)]
  0x000002a3fbe77b60 JavaThread "Service Thread"             daemon [_thread_blocked, id=8376, stack(0x000000e712800000,0x000000e712900000) (1024K)]
  0x000002a3fbe785c0 JavaThread "Monitor Deflation Thread"   daemon [_thread_blocked, id=11304, stack(0x000000e712900000,0x000000e712a00000) (1024K)]
  0x000002a3fbe79350 JavaThread "C2 CompilerThread0"         daemon [_thread_blocked, id=8156, stack(0x000000e712a00000,0x000000e712b00000) (1024K)]
  0x000002a3fbe7e730 JavaThread "C1 CompilerThread0"         daemon [_thread_blocked, id=16936, stack(0x000000e712b00000,0x000000e712c00000) (1024K)]
  0x000002a3fc401660 JavaThread "Common-Cleaner"             daemon [_thread_blocked, id=12092, stack(0x000000e712c00000,0x000000e712d00000) (1024K)]
  0x000002a3fc3f0880 JavaThread "Notification Thread"        daemon [_thread_blocked, id=2500, stack(0x000000e712d00000,0x000000e712e00000) (1024K)]
  0x000002a3fdd03860 JavaThread "Daemon health stats"               [_thread_blocked, id=8496, stack(0x000000e713100000,0x000000e713200000) (1024K)]
  0x000002a3fdb6dcb0 JavaThread "Incoming local TCP Connector on port 58281"        [_thread_in_native, id=17132, stack(0x000000e713200000,0x000000e713300000) (1024K)]
  0x000002a3fc618840 JavaThread "Daemon periodic checks"            [_thread_blocked, id=11120, stack(0x000000e713300000,0x000000e713400000) (1024K)]
  0x000002a3fc547b90 JavaThread "Cache worker for journal cache (C:\Users\kimch\.gradle\caches\journal-1)"        [_thread_blocked, id=16608, stack(0x000000e713b00000,0x000000e713c00000) (1024K)]
  0x000002a3fc545430 JavaThread "File lock request listener"        [_thread_in_native, id=15368, stack(0x000000e713c00000,0x000000e713d00000) (1024K)]
  0x000002a3fc544710 JavaThread "Cache worker for file hash cache (C:\Users\kimch\.gradle\caches\9.1.0\fileHashes)"        [_thread_blocked, id=6964, stack(0x000000e713d00000,0x000000e713e00000) (1024K)]
  0x000002a3c505a8a0 JavaThread "File watcher server"        daemon [_thread_in_native, id=16288, stack(0x000000e714100000,0x000000e714200000) (1024K)]
  0x000002a3c5058140 JavaThread "File watcher consumer"      daemon [_thread_blocked, id=16664, stack(0x000000e714200000,0x000000e714300000) (1024K)]
  0x000002a3c5059b80 JavaThread "Cache worker for file content cache (C:\Users\kimch\.gradle\caches\9.1.0\fileContent)"        [_thread_blocked, id=18812, stack(0x000000e714400000,0x000000e714500000) (1024K)]
  0x000002a3fc65a6a0 JavaThread "Memory manager"                    [_thread_blocked, id=12900, stack(0x000000e715100000,0x000000e715200000) (1024K)]
  0x000002a3c795fd60 JavaThread "pool-3-thread-1"                   [_thread_blocked, id=14420, stack(0x000000e713e00000,0x000000e713f00000) (1024K)]
  0x000002a3fc65b3c0 JavaThread "Daemon Thread 2"                   [_thread_blocked, id=8580, stack(0x000000e711a00000,0x000000e711b00000) (1024K)]
  0x000002a3fc657f40 JavaThread "Handler for socket connection from /127.0.0.1:58281 to /127.0.0.1:62310"        [_thread_in_native, id=17744, stack(0x000000e711b00000,0x000000e711c00000) (1024K)]
  0x000002a3fc65d490 JavaThread "Cancel handler"                    [_thread_blocked, id=9848, stack(0x000000e713400000,0x000000e713500000) (1024K)]
  0x000002a3fc65e840 JavaThread "Daemon worker Thread 2"            [_thread_blocked, id=19432, stack(0x000000e713500000,0x000000e713600000) (1024K)]
  0x000002a3fc65e1b0 JavaThread "Asynchronous log dispatcher for DefaultDaemonConnection: socket connection from /127.0.0.1:58281 to /127.0.0.1:62310"        [_thread_blocked, id=1516, stack(0x000000e713600000,0x000000e713700000) (1024K)]
  0x000002a3fc65ba50 JavaThread "Stdin handler"                     [_thread_blocked, id=18356, stack(0x000000e713700000,0x000000e713800000) (1024K)]
  0x000002a3fc65db20 JavaThread "Daemon client event forwarder"        [_thread_blocked, id=7352, stack(0x000000e713800000,0x000000e713900000) (1024K)]
  0x000002a3fc65c0e0 JavaThread "Cache worker for file hash cache (D:\POS\pos_cafe\android\.gradle\9.1.0\fileHashes)"        [_thread_blocked, id=7800, stack(0x000000e713900000,0x000000e713a00000) (1024K)]
  0x000002a3fc65c770 JavaThread "Cache worker for Build Output Cleanup Cache (D:\POS\pos_cafe\android\.gradle\buildOutputCleanup)"        [_thread_blocked, id=15244, stack(0x000000e713a00000,0x000000e713b00000) (1024K)]
  0x000002a3fc65ce00 JavaThread "Cache worker for checksums cache (D:\POS\pos_cafe\android\.gradle\9.1.0\checksums)"        [_thread_blocked, id=1200, stack(0x000000e713f00000,0x000000e714000000) (1024K)]
  0x000002a3c505bc50 JavaThread "Cache worker for cache directory md-supplier (C:\Users\kimch\.gradle\caches\9.1.0\md-supplier)"        [_thread_blocked, id=3792, stack(0x000000e714000000,0x000000e714100000) (1024K)]
  0x000002a3c505c970 JavaThread "Cache worker for cache directory md-rule (C:\Users\kimch\.gradle\caches\9.1.0\md-rule)"        [_thread_blocked, id=10104, stack(0x000000e714300000,0x000000e714400000) (1024K)]
  0x000002a3c505af30 JavaThread "Cache worker for Build Output Cleanup Cache (D:\flutter\flutter_windows_3.44.6-stable\flutter\packages\flutter_tools\gradle\.gradle\buildOutputCleanup)"        [_thread_blocked, id=15720, stack(0x000000e714500000,0x000000e714600000) (1024K)]
Total: 35

Other Threads:
=>0x000002a3fbe47b60 VMThread "VM Thread"                           [id=15724, stack(0x000000e712300000,0x000000e712400000) (1024K)]
  0x000002a3fbe36fa0 WatcherThread "VM Periodic Task Thread"        [id=13116, stack(0x000000e712200000,0x000000e712300000) (1024K)]
  0x000002a3cab69620 WorkerThread "GC Thread#0"                     [id=1964, stack(0x000000e711d00000,0x000000e711e00000) (1024K)]
  0x000002a3fc45d320 WorkerThread "GC Thread#1"                     [id=4764, stack(0x000000e712e00000,0x000000e712f00000) (1024K)]
  0x000002a3fc45e190 WorkerThread "GC Thread#2"                     [id=17360, stack(0x000000e712f00000,0x000000e713000000) (1024K)]
  0x000002a3fd06a740 WorkerThread "GC Thread#3"                     [id=17516, stack(0x000000e713000000,0x000000e713100000) (1024K)]
  0x000002a3cab7ad30 ConcurrentGCThread "G1 Main Marker"            [id=15640, stack(0x000000e711e00000,0x000000e711f00000) (1024K)]
  0x000002a3cab7c5d0 WorkerThread "G1 Conc#0"                       [id=13776, stack(0x000000e711f00000,0x000000e712000000) (1024K)]
  0x000002a3fbcff6f0 ConcurrentGCThread "G1 Refine#0"               [id=13780, stack(0x000000e712000000,0x000000e712100000) (1024K)]
  0x000002a3fbd01000 ConcurrentGCThread "G1 Service"                [id=18368, stack(0x000000e712100000,0x000000e712200000) (1024K)]
Total: 10

Threads with active compile tasks:
C2 CompilerThread0  13407712 14960       4       org.gradle.cache.internal.DefaultFileLockManager$DefaultFileLock$1::run (252 bytes)
Total: 1

VM state: at safepoint (normal execution)

VM Mutex/Monitor currently owned by a thread:  ([mutex/lock_event])
[0x00007ffc2fe9f570] Threads_lock - owner thread: 0x000002a3fbe47b60
[0x00007ffc2fe9f670] Heap_lock - owner thread: 0x000002a3fc618840

Heap address: 0x0000000600000000, size: 8192 MB, Compressed Oops mode: Zero based, Oop shift amount: 3

CDS archive(s) mapped at: [0x000002a380000000-0x000002a380ba0000-0x000002a380ba0000), size 12189696, SharedBaseAddress: 0x000002a380000000, ArchiveRelocationMode: 1.
Compressed class space mapped at: 0x000002a381000000-0x000002a3c1000000, reserved size: 1073741824
Narrow klass base: 0x000002a380000000, Narrow klass shift: 0, Narrow klass range: 0x100000000

GC Precious Log:
 CardTable entry size: 512
 Card Set container configuration: InlinePtr #cards 4 size 8 Array Of Cards #cards 32 size 80 Howl #buckets 8 coarsen threshold 7372 Howl Bitmap #cards 1024 size 144 coarsen threshold 921 Card regions per heap region 1 cards per card region 8192
 CPUs: 4 total, 4 available
 Memory: 3873M
 Large Page Support: Disabled
 NUMA Support: Disabled
 Compressed Oops: Enabled (Zero based)
 Heap Region Size: 4M
 Heap Min Capacity: 8M
 Heap Initial Capacity: 64M
 Heap Max Capacity: 8G
 Pre-touch: Disabled
 Parallel Workers: 4
 Concurrent Workers: 1
 Concurrent Refinement Workers: 4
 Periodic GC: Disabled

Heap:
 garbage-first heap   total 688128K, used 123861K [0x0000000600000000, 0x0000000800000000)
  region size 4096K, 1 young (4096K), 1 survivors (4096K)
 Metaspace       used 121208K, committed 123712K, reserved 1179648K
  class space    used 16757K, committed 17984K, reserved 1048576K

Heap Regions: E=young(eden), S=young(survivor), O=old, HS=humongous(starts), HC=humongous(continues), CS=collection set, F=free, TAMS=top-at-mark-start, PB=parsable bottom
|   0|0x0000000600000000, 0x0000000600400000, 0x0000000600400000|100%|HS|  |TAMS 0x0000000600000000| PB 0x0000000600000000| Complete 
|   1|0x0000000600400000, 0x0000000600800000, 0x0000000600800000|100%| O|  |TAMS 0x0000000600400000| PB 0x0000000600400000| Untracked 
|   2|0x0000000600800000, 0x0000000600c00000, 0x0000000600c00000|100%| O|  |TAMS 0x0000000600800000| PB 0x0000000600800000| Untracked 
|   3|0x0000000600c00000, 0x0000000601000000, 0x0000000601000000|100%| O|  |TAMS 0x0000000600c00000| PB 0x0000000600c00000| Untracked 
|   4|0x0000000601000000, 0x0000000601400000, 0x0000000601400000|100%| O|  |TAMS 0x0000000601000000| PB 0x0000000601000000| Untracked 
|   5|0x0000000601400000, 0x0000000601800000, 0x0000000601800000|100%| O|  |TAMS 0x0000000601400000| PB 0x0000000601400000| Untracked 
|   6|0x0000000601800000, 0x0000000601c00000, 0x0000000601c00000|100%| O|  |TAMS 0x0000000601800000| PB 0x0000000601800000| Untracked 
|   7|0x0000000601c00000, 0x0000000602000000, 0x0000000602000000|100%| O|  |TAMS 0x0000000601c00000| PB 0x0000000601c00000| Untracked 
|   8|0x0000000602000000, 0x0000000602400000, 0x0000000602400000|100%| O|  |TAMS 0x0000000602000000| PB 0x0000000602000000| Untracked 
|   9|0x0000000602400000, 0x0000000602800000, 0x0000000602800000|100%| O|  |TAMS 0x0000000602400000| PB 0x0000000602400000| Untracked 
|  10|0x0000000602800000, 0x0000000602c00000, 0x0000000602c00000|100%| O|  |TAMS 0x0000000602800000| PB 0x0000000602800000| Untracked 
|  11|0x0000000602c00000, 0x0000000603000000, 0x0000000603000000|100%| O|  |TAMS 0x0000000602c00000| PB 0x0000000602c00000| Untracked 
|  12|0x0000000603000000, 0x0000000603400000, 0x0000000603400000|100%| O|  |TAMS 0x0000000603000000| PB 0x0000000603000000| Untracked 
|  13|0x0000000603400000, 0x0000000603800000, 0x0000000603800000|100%| O|  |TAMS 0x0000000603400000| PB 0x0000000603400000| Untracked 
|  14|0x0000000603800000, 0x0000000603c00000, 0x0000000603c00000|100%| O|  |TAMS 0x0000000603800000| PB 0x0000000603800000| Untracked 
|  15|0x0000000603c00000, 0x0000000604000000, 0x0000000604000000|100%| O|  |TAMS 0x0000000603c00000| PB 0x0000000603c00000| Untracked 
|  16|0x0000000604000000, 0x0000000604400000, 0x0000000604400000|100%| O|  |TAMS 0x0000000604000000| PB 0x0000000604000000| Untracked 
|  17|0x0000000604400000, 0x0000000604800000, 0x0000000604800000|100%| O|  |TAMS 0x0000000604400000| PB 0x0000000604400000| Untracked 
|  18|0x0000000604800000, 0x0000000604c00000, 0x0000000604c00000|100%| O|  |TAMS 0x0000000604800000| PB 0x0000000604800000| Untracked 
|  19|0x0000000604c00000, 0x0000000605000000, 0x0000000605000000|100%| O|  |TAMS 0x0000000604c00000| PB 0x0000000604c00000| Untracked 
|  20|0x0000000605000000, 0x0000000605400000, 0x0000000605400000|100%| O|  |TAMS 0x0000000605000000| PB 0x0000000605000000| Untracked 
|  21|0x0000000605400000, 0x0000000605800000, 0x0000000605800000|100%| O|  |TAMS 0x0000000605400000| PB 0x0000000605400000| Untracked 
|  22|0x0000000605800000, 0x0000000605c00000, 0x0000000605c00000|100%| O|  |TAMS 0x0000000605800000| PB 0x0000000605800000| Untracked 
|  23|0x0000000605c00000, 0x0000000606000000, 0x0000000606000000|100%| O|  |TAMS 0x0000000605c00000| PB 0x0000000605c00000| Untracked 
|  24|0x0000000606000000, 0x0000000606400000, 0x0000000606400000|100%| O|  |TAMS 0x0000000606000000| PB 0x0000000606000000| Untracked 
|  25|0x0000000606400000, 0x0000000606800000, 0x0000000606800000|100%| O|  |TAMS 0x0000000606400000| PB 0x0000000606400000| Untracked 
|  26|0x0000000606800000, 0x0000000606c00000, 0x0000000606c00000|100%| O|  |TAMS 0x0000000606800000| PB 0x0000000606800000| Untracked 
|  27|0x0000000606c00000, 0x0000000607000000, 0x0000000607000000|100%| O|  |TAMS 0x0000000606c00000| PB 0x0000000606c00000| Untracked 
|  28|0x0000000607000000, 0x0000000607400000, 0x0000000607400000|100%| O|  |TAMS 0x0000000607000000| PB 0x0000000607000000| Untracked 
|  29|0x0000000607400000, 0x000000060770e1f0, 0x0000000607800000| 76%| O|  |TAMS 0x0000000607400000| PB 0x0000000607400000| Untracked 
|  30|0x0000000607800000, 0x0000000607800000, 0x0000000607c00000|  0%| F|  |TAMS 0x0000000607800000| PB 0x0000000607800000| Untracked 
|  31|0x0000000607c00000, 0x0000000607c00000, 0x0000000608000000|  0%| F|  |TAMS 0x0000000607c00000| PB 0x0000000607c00000| Untracked 
|  32|0x0000000608000000, 0x0000000608000000, 0x0000000608400000|  0%| F|  |TAMS 0x0000000608000000| PB 0x0000000608000000| Untracked 
|  33|0x0000000608400000, 0x0000000608400000, 0x0000000608800000|  0%| F|  |TAMS 0x0000000608400000| PB 0x0000000608400000| Untracked 
|  34|0x0000000608800000, 0x0000000608800000, 0x0000000608c00000|  0%| F|  |TAMS 0x0000000608800000| PB 0x0000000608800000| Untracked 
|  35|0x0000000608c00000, 0x0000000608c00000, 0x0000000609000000|  0%| F|  |TAMS 0x0000000608c00000| PB 0x0000000608c00000| Untracked 
|  36|0x0000000609000000, 0x0000000609000000, 0x0000000609400000|  0%| F|  |TAMS 0x0000000609000000| PB 0x0000000609000000| Untracked 
|  37|0x0000000609400000, 0x0000000609400000, 0x0000000609800000|  0%| F|  |TAMS 0x0000000609400000| PB 0x0000000609400000| Untracked 
|  38|0x0000000609800000, 0x0000000609800000, 0x0000000609c00000|  0%| F|  |TAMS 0x0000000609800000| PB 0x0000000609800000| Untracked 
|  39|0x0000000609c00000, 0x0000000609c00000, 0x000000060a000000|  0%| F|  |TAMS 0x0000000609c00000| PB 0x0000000609c00000| Untracked 
|  40|0x000000060a000000, 0x000000060a000000, 0x000000060a400000|  0%| F|  |TAMS 0x000000060a000000| PB 0x000000060a000000| Untracked 
|  41|0x000000060a400000, 0x000000060a400000, 0x000000060a800000|  0%| F|  |TAMS 0x000000060a400000| PB 0x000000060a400000| Untracked 
|  42|0x000000060a800000, 0x000000060a800000, 0x000000060ac00000|  0%| F|  |TAMS 0x000000060a800000| PB 0x000000060a800000| Untracked 
|  43|0x000000060ac00000, 0x000000060ac00000, 0x000000060b000000|  0%| F|  |TAMS 0x000000060ac00000| PB 0x000000060ac00000| Untracked 
|  44|0x000000060b000000, 0x000000060b000000, 0x000000060b400000|  0%| F|  |TAMS 0x000000060b000000| PB 0x000000060b000000| Untracked 
|  45|0x000000060b400000, 0x000000060b400000, 0x000000060b800000|  0%| F|  |TAMS 0x000000060b400000| PB 0x000000060b400000| Untracked 
|  46|0x000000060b800000, 0x000000060b800000, 0x000000060bc00000|  0%| F|  |TAMS 0x000000060b800000| PB 0x000000060b800000| Untracked 
|  47|0x000000060bc00000, 0x000000060bc00000, 0x000000060c000000|  0%| F|  |TAMS 0x000000060bc00000| PB 0x000000060bc00000| Untracked 
|  48|0x000000060c000000, 0x000000060c000000, 0x000000060c400000|  0%| F|  |TAMS 0x000000060c000000| PB 0x000000060c000000| Untracked 
|  49|0x000000060c400000, 0x000000060c400000, 0x000000060c800000|  0%| F|  |TAMS 0x000000060c400000| PB 0x000000060c400000| Untracked 
|  50|0x000000060c800000, 0x000000060c800000, 0x000000060cc00000|  0%| F|  |TAMS 0x000000060c800000| PB 0x000000060c800000| Untracked 
|  51|0x000000060cc00000, 0x000000060cc00000, 0x000000060d000000|  0%| F|  |TAMS 0x000000060cc00000| PB 0x000000060cc00000| Untracked 
|  52|0x000000060d000000, 0x000000060d000000, 0x000000060d400000|  0%| F|  |TAMS 0x000000060d000000| PB 0x000000060d000000| Untracked 
|  53|0x000000060d400000, 0x000000060d400000, 0x000000060d800000|  0%| F|  |TAMS 0x000000060d400000| PB 0x000000060d400000| Untracked 
|  54|0x000000060d800000, 0x000000060d800000, 0x000000060dc00000|  0%| F|  |TAMS 0x000000060d800000| PB 0x000000060d800000| Untracked 
|  55|0x000000060dc00000, 0x000000060dc00000, 0x000000060e000000|  0%| F|  |TAMS 0x000000060dc00000| PB 0x000000060dc00000| Untracked 
|  56|0x000000060e000000, 0x000000060e000000, 0x000000060e400000|  0%| F|  |TAMS 0x000000060e000000| PB 0x000000060e000000| Untracked 
|  57|0x000000060e400000, 0x000000060e400000, 0x000000060e800000|  0%| F|  |TAMS 0x000000060e400000| PB 0x000000060e400000| Untracked 
|  58|0x000000060e800000, 0x000000060e800000, 0x000000060ec00000|  0%| F|  |TAMS 0x000000060e800000| PB 0x000000060e800000| Untracked 
|  59|0x000000060ec00000, 0x000000060ec00000, 0x000000060f000000|  0%| F|  |TAMS 0x000000060ec00000| PB 0x000000060ec00000| Untracked 
|  60|0x000000060f000000, 0x000000060f000000, 0x000000060f400000|  0%| F|  |TAMS 0x000000060f000000| PB 0x000000060f000000| Untracked 
|  61|0x000000060f400000, 0x000000060f400000, 0x000000060f800000|  0%| F|  |TAMS 0x000000060f400000| PB 0x000000060f400000| Untracked 
|  62|0x000000060f800000, 0x000000060f800000, 0x000000060fc00000|  0%| F|  |TAMS 0x000000060f800000| PB 0x000000060f800000| Untracked 
|  63|0x000000060fc00000, 0x000000060fc00000, 0x0000000610000000|  0%| F|  |TAMS 0x000000060fc00000| PB 0x000000060fc00000| Untracked 
|  64|0x0000000610000000, 0x0000000610000000, 0x0000000610400000|  0%| F|  |TAMS 0x0000000610000000| PB 0x0000000610000000| Untracked 
|  65|0x0000000610400000, 0x0000000610400000, 0x0000000610800000|  0%| F|  |TAMS 0x0000000610400000| PB 0x0000000610400000| Untracked 
|  66|0x0000000610800000, 0x0000000610800000, 0x0000000610c00000|  0%| F|  |TAMS 0x0000000610800000| PB 0x0000000610800000| Untracked 
|  67|0x0000000610c00000, 0x0000000610c00000, 0x0000000611000000|  0%| F|  |TAMS 0x0000000610c00000| PB 0x0000000610c00000| Untracked 
|  68|0x0000000611000000, 0x0000000611000000, 0x0000000611400000|  0%| F|  |TAMS 0x0000000611000000| PB 0x0000000611000000| Untracked 
|  69|0x0000000611400000, 0x0000000611400000, 0x0000000611800000|  0%| F|  |TAMS 0x0000000611400000| PB 0x0000000611400000| Untracked 
|  70|0x0000000611800000, 0x0000000611800000, 0x0000000611c00000|  0%| F|  |TAMS 0x0000000611800000| PB 0x0000000611800000| Untracked 
|  71|0x0000000611c00000, 0x0000000611c00000, 0x0000000612000000|  0%| F|  |TAMS 0x0000000611c00000| PB 0x0000000611c00000| Untracked 
|  72|0x0000000612000000, 0x0000000612000000, 0x0000000612400000|  0%| F|  |TAMS 0x0000000612000000| PB 0x0000000612000000| Untracked 
|  73|0x0000000612400000, 0x0000000612400000, 0x0000000612800000|  0%| F|  |TAMS 0x0000000612400000| PB 0x0000000612400000| Untracked 
|  74|0x0000000612800000, 0x0000000612800000, 0x0000000612c00000|  0%| F|  |TAMS 0x0000000612800000| PB 0x0000000612800000| Untracked 
|  75|0x0000000612c00000, 0x0000000612c00000, 0x0000000613000000|  0%| F|  |TAMS 0x0000000612c00000| PB 0x0000000612c00000| Untracked 
|  76|0x0000000613000000, 0x0000000613000000, 0x0000000613400000|  0%| F|  |TAMS 0x0000000613000000| PB 0x0000000613000000| Untracked 
|  77|0x0000000613400000, 0x0000000613400000, 0x0000000613800000|  0%| F|  |TAMS 0x0000000613400000| PB 0x0000000613400000| Untracked 
|  78|0x0000000613800000, 0x0000000613800000, 0x0000000613c00000|  0%| F|  |TAMS 0x0000000613800000| PB 0x0000000613800000| Untracked 
|  79|0x0000000613c00000, 0x0000000613c00000, 0x0000000614000000|  0%| F|  |TAMS 0x0000000613c00000| PB 0x0000000613c00000| Untracked 
|  80|0x0000000614000000, 0x0000000614000000, 0x0000000614400000|  0%| F|  |TAMS 0x0000000614000000| PB 0x0000000614000000| Untracked 
|  81|0x0000000614400000, 0x0000000614400000, 0x0000000614800000|  0%| F|  |TAMS 0x0000000614400000| PB 0x0000000614400000| Untracked 
|  82|0x0000000614800000, 0x0000000614800000, 0x0000000614c00000|  0%| F|  |TAMS 0x0000000614800000| PB 0x0000000614800000| Untracked 
|  83|0x0000000614c00000, 0x0000000614c00000, 0x0000000615000000|  0%| F|  |TAMS 0x0000000614c00000| PB 0x0000000614c00000| Untracked 
|  84|0x0000000615000000, 0x0000000615000000, 0x0000000615400000|  0%| F|  |TAMS 0x0000000615000000| PB 0x0000000615000000| Untracked 
|  85|0x0000000615400000, 0x0000000615400000, 0x0000000615800000|  0%| F|  |TAMS 0x0000000615400000| PB 0x0000000615400000| Untracked 
|  86|0x0000000615800000, 0x0000000615800000, 0x0000000615c00000|  0%| F|  |TAMS 0x0000000615800000| PB 0x0000000615800000| Untracked 
|  87|0x0000000615c00000, 0x0000000615c00000, 0x0000000616000000|  0%| F|  |TAMS 0x0000000615c00000| PB 0x0000000615c00000| Untracked 
|  88|0x0000000616000000, 0x0000000616000000, 0x0000000616400000|  0%| F|  |TAMS 0x0000000616000000| PB 0x0000000616000000| Untracked 
|  89|0x0000000616400000, 0x0000000616400000, 0x0000000616800000|  0%| F|  |TAMS 0x0000000616400000| PB 0x0000000616400000| Untracked 
|  90|0x0000000616800000, 0x0000000616800000, 0x0000000616c00000|  0%| F|  |TAMS 0x0000000616800000| PB 0x0000000616800000| Untracked 
|  91|0x0000000616c00000, 0x0000000616c00000, 0x0000000617000000|  0%| F|  |TAMS 0x0000000616c00000| PB 0x0000000616c00000| Untracked 
|  92|0x0000000617000000, 0x0000000617000000, 0x0000000617400000|  0%| F|  |TAMS 0x0000000617000000| PB 0x0000000617000000| Untracked 
|  93|0x0000000617400000, 0x0000000617400000, 0x0000000617800000|  0%| F|  |TAMS 0x0000000617400000| PB 0x0000000617400000| Untracked 
|  94|0x0000000617800000, 0x0000000617800000, 0x0000000617c00000|  0%| F|  |TAMS 0x0000000617800000| PB 0x0000000617800000| Untracked 
|  95|0x0000000617c00000, 0x0000000617c00000, 0x0000000618000000|  0%| F|  |TAMS 0x0000000617c00000| PB 0x0000000617c00000| Untracked 
|  96|0x0000000618000000, 0x0000000618000000, 0x0000000618400000|  0%| F|  |TAMS 0x0000000618000000| PB 0x0000000618000000| Untracked 
|  97|0x0000000618400000, 0x0000000618400000, 0x0000000618800000|  0%| F|  |TAMS 0x0000000618400000| PB 0x0000000618400000| Untracked 
|  98|0x0000000618800000, 0x0000000618800000, 0x0000000618c00000|  0%| F|  |TAMS 0x0000000618800000| PB 0x0000000618800000| Untracked 
|  99|0x0000000618c00000, 0x0000000618c00000, 0x0000000619000000|  0%| F|  |TAMS 0x0000000618c00000| PB 0x0000000618c00000| Untracked 
| 100|0x0000000619000000, 0x0000000619000000, 0x0000000619400000|  0%| F|  |TAMS 0x0000000619000000| PB 0x0000000619000000| Untracked 
| 101|0x0000000619400000, 0x0000000619400000, 0x0000000619800000|  0%| F|  |TAMS 0x0000000619400000| PB 0x0000000619400000| Untracked 
| 102|0x0000000619800000, 0x0000000619800000, 0x0000000619c00000|  0%| F|  |TAMS 0x0000000619800000| PB 0x0000000619800000| Untracked 
| 103|0x0000000619c00000, 0x0000000619c00000, 0x000000061a000000|  0%| F|  |TAMS 0x0000000619c00000| PB 0x0000000619c00000| Untracked 
| 104|0x000000061a000000, 0x000000061a000000, 0x000000061a400000|  0%| F|  |TAMS 0x000000061a000000| PB 0x000000061a000000| Untracked 
| 105|0x000000061a400000, 0x000000061a400000, 0x000000061a800000|  0%| F|  |TAMS 0x000000061a400000| PB 0x000000061a400000| Untracked 
| 106|0x000000061a800000, 0x000000061a800000, 0x000000061ac00000|  0%| F|  |TAMS 0x000000061a800000| PB 0x000000061a800000| Untracked 
| 107|0x000000061ac00000, 0x000000061ac00000, 0x000000061b000000|  0%| F|  |TAMS 0x000000061ac00000| PB 0x000000061ac00000| Untracked 
| 108|0x000000061b000000, 0x000000061b000000, 0x000000061b400000|  0%| F|  |TAMS 0x000000061b000000| PB 0x000000061b000000| Untracked 
| 109|0x000000061b400000, 0x000000061b400000, 0x000000061b800000|  0%| F|  |TAMS 0x000000061b400000| PB 0x000000061b400000| Untracked 
| 110|0x000000061b800000, 0x000000061b800000, 0x000000061bc00000|  0%| F|  |TAMS 0x000000061b800000| PB 0x000000061b800000| Untracked 
| 111|0x000000061bc00000, 0x000000061bc00000, 0x000000061c000000|  0%| F|  |TAMS 0x000000061bc00000| PB 0x000000061bc00000| Untracked 
| 112|0x000000061c000000, 0x000000061c000000, 0x000000061c400000|  0%| F|  |TAMS 0x000000061c000000| PB 0x000000061c000000| Untracked 
| 113|0x000000061c400000, 0x000000061c400000, 0x000000061c800000|  0%| F|  |TAMS 0x000000061c400000| PB 0x000000061c400000| Untracked 
| 114|0x000000061c800000, 0x000000061c800000, 0x000000061cc00000|  0%| F|  |TAMS 0x000000061c800000| PB 0x000000061c800000| Untracked 
| 115|0x000000061cc00000, 0x000000061cc00000, 0x000000061d000000|  0%| F|  |TAMS 0x000000061cc00000| PB 0x000000061cc00000| Untracked 
| 116|0x000000061d000000, 0x000000061d000000, 0x000000061d400000|  0%| F|  |TAMS 0x000000061d000000| PB 0x000000061d000000| Untracked 
| 117|0x000000061d400000, 0x000000061d400000, 0x000000061d800000|  0%| F|  |TAMS 0x000000061d400000| PB 0x000000061d400000| Untracked 
| 118|0x000000061d800000, 0x000000061d800000, 0x000000061dc00000|  0%| F|  |TAMS 0x000000061d800000| PB 0x000000061d800000| Untracked 
| 119|0x000000061dc00000, 0x000000061dc00000, 0x000000061e000000|  0%| F|  |TAMS 0x000000061dc00000| PB 0x000000061dc00000| Untracked 
| 120|0x000000061e000000, 0x000000061e000000, 0x000000061e400000|  0%| F|  |TAMS 0x000000061e000000| PB 0x000000061e000000| Untracked 
| 121|0x000000061e400000, 0x000000061e400000, 0x000000061e800000|  0%| F|  |TAMS 0x000000061e400000| PB 0x000000061e400000| Untracked 
| 122|0x000000061e800000, 0x000000061e800000, 0x000000061ec00000|  0%| F|  |TAMS 0x000000061e800000| PB 0x000000061e800000| Untracked 
| 123|0x000000061ec00000, 0x000000061ec00000, 0x000000061f000000|  0%| F|  |TAMS 0x000000061ec00000| PB 0x000000061ec00000| Untracked 
| 124|0x000000061f000000, 0x000000061f000000, 0x000000061f400000|  0%| F|  |TAMS 0x000000061f000000| PB 0x000000061f000000| Untracked 
| 125|0x000000061f400000, 0x000000061f400000, 0x000000061f800000|  0%| F|  |TAMS 0x000000061f400000| PB 0x000000061f400000| Untracked 
| 126|0x000000061f800000, 0x000000061f800000, 0x000000061fc00000|  0%| F|  |TAMS 0x000000061f800000| PB 0x000000061f800000| Untracked 
| 127|0x000000061fc00000, 0x000000061fc00000, 0x0000000620000000|  0%| F|  |TAMS 0x000000061fc00000| PB 0x000000061fc00000| Untracked 
| 128|0x0000000620000000, 0x0000000620000000, 0x0000000620400000|  0%| F|  |TAMS 0x0000000620000000| PB 0x0000000620000000| Untracked 
| 129|0x0000000620400000, 0x0000000620400000, 0x0000000620800000|  0%| F|  |TAMS 0x0000000620400000| PB 0x0000000620400000| Untracked 
| 130|0x0000000620800000, 0x0000000620800000, 0x0000000620c00000|  0%| F|  |TAMS 0x0000000620800000| PB 0x0000000620800000| Untracked 
| 131|0x0000000620c00000, 0x0000000620c00000, 0x0000000621000000|  0%| F|  |TAMS 0x0000000620c00000| PB 0x0000000620c00000| Untracked 
| 132|0x0000000621000000, 0x0000000621000000, 0x0000000621400000|  0%| F|  |TAMS 0x0000000621000000| PB 0x0000000621000000| Untracked 
| 133|0x0000000621400000, 0x0000000621400000, 0x0000000621800000|  0%| F|  |TAMS 0x0000000621400000| PB 0x0000000621400000| Untracked 
| 134|0x0000000621800000, 0x0000000621800000, 0x0000000621c00000|  0%| F|  |TAMS 0x0000000621800000| PB 0x0000000621800000| Untracked 
| 135|0x0000000621c00000, 0x0000000621c00000, 0x0000000622000000|  0%| F|  |TAMS 0x0000000621c00000| PB 0x0000000621c00000| Untracked 
| 136|0x0000000622000000, 0x0000000622000000, 0x0000000622400000|  0%| F|  |TAMS 0x0000000622000000| PB 0x0000000622000000| Untracked 
| 137|0x0000000622400000, 0x0000000622400000, 0x0000000622800000|  0%| F|  |TAMS 0x0000000622400000| PB 0x0000000622400000| Untracked 
| 138|0x0000000622800000, 0x0000000622800000, 0x0000000622c00000|  0%| F|  |TAMS 0x0000000622800000| PB 0x0000000622800000| Untracked 
| 139|0x0000000622c00000, 0x0000000622c00000, 0x0000000623000000|  0%| F|  |TAMS 0x0000000622c00000| PB 0x0000000622c00000| Untracked 
| 140|0x0000000623000000, 0x0000000623000000, 0x0000000623400000|  0%| F|  |TAMS 0x0000000623000000| PB 0x0000000623000000| Untracked 
| 141|0x0000000623400000, 0x0000000623400000, 0x0000000623800000|  0%| F|  |TAMS 0x0000000623400000| PB 0x0000000623400000| Untracked 
| 142|0x0000000623800000, 0x0000000623800000, 0x0000000623c00000|  0%| F|  |TAMS 0x0000000623800000| PB 0x0000000623800000| Untracked 
| 143|0x0000000623c00000, 0x0000000623c00000, 0x0000000624000000|  0%| F|  |TAMS 0x0000000623c00000| PB 0x0000000623c00000| Untracked 
| 144|0x0000000624000000, 0x0000000624000000, 0x0000000624400000|  0%| F|  |TAMS 0x0000000624000000| PB 0x0000000624000000| Untracked 
| 145|0x0000000624400000, 0x0000000624400000, 0x0000000624800000|  0%| F|  |TAMS 0x0000000624400000| PB 0x0000000624400000| Untracked 
| 146|0x0000000624800000, 0x0000000624800000, 0x0000000624c00000|  0%| F|  |TAMS 0x0000000624800000| PB 0x0000000624800000| Untracked 
| 147|0x0000000624c00000, 0x0000000624c00000, 0x0000000625000000|  0%| F|  |TAMS 0x0000000624c00000| PB 0x0000000624c00000| Untracked 
| 148|0x0000000625000000, 0x0000000625000000, 0x0000000625400000|  0%| F|  |TAMS 0x0000000625000000| PB 0x0000000625000000| Untracked 
| 149|0x0000000625400000, 0x0000000625400000, 0x0000000625800000|  0%| F|  |TAMS 0x0000000625400000| PB 0x0000000625400000| Untracked 
| 150|0x0000000625800000, 0x0000000625800000, 0x0000000625c00000|  0%| F|  |TAMS 0x0000000625800000| PB 0x0000000625800000| Untracked 
| 151|0x0000000625c00000, 0x0000000625c00000, 0x0000000626000000|  0%| F|  |TAMS 0x0000000625c00000| PB 0x0000000625c00000| Untracked 
| 152|0x0000000626000000, 0x0000000626000000, 0x0000000626400000|  0%| F|  |TAMS 0x0000000626000000| PB 0x0000000626000000| Untracked 
| 153|0x0000000626400000, 0x0000000626400000, 0x0000000626800000|  0%| F|  |TAMS 0x0000000626400000| PB 0x0000000626400000| Untracked 
| 154|0x0000000626800000, 0x0000000626800000, 0x0000000626c00000|  0%| F|  |TAMS 0x0000000626800000| PB 0x0000000626800000| Untracked 
| 155|0x0000000626c00000, 0x0000000626c00000, 0x0000000627000000|  0%| F|  |TAMS 0x0000000626c00000| PB 0x0000000626c00000| Untracked 
| 156|0x0000000627000000, 0x0000000627000000, 0x0000000627400000|  0%| F|  |TAMS 0x0000000627000000| PB 0x0000000627000000| Untracked 
| 157|0x0000000627400000, 0x0000000627400000, 0x0000000627800000|  0%| F|  |TAMS 0x0000000627400000| PB 0x0000000627400000| Untracked 
| 158|0x0000000627800000, 0x0000000627800000, 0x0000000627c00000|  0%| F|  |TAMS 0x0000000627800000| PB 0x0000000627800000| Untracked 
| 159|0x0000000627c00000, 0x0000000627de7400, 0x0000000628000000| 47%| S|CS|TAMS 0x0000000627c00000| PB 0x0000000627c00000| Complete 
| 160|0x0000000628000000, 0x0000000628000000, 0x0000000628400000|  0%| F|  |TAMS 0x0000000628000000| PB 0x0000000628000000| Untracked 
| 161|0x0000000628400000, 0x0000000628400000, 0x0000000628800000|  0%| F|  |TAMS 0x0000000628400000| PB 0x0000000628400000| Untracked 
| 162|0x0000000628800000, 0x0000000628800000, 0x0000000628c00000|  0%| F|  |TAMS 0x0000000628800000| PB 0x0000000628800000| Untracked 
| 163|0x0000000628c00000, 0x0000000628c00000, 0x0000000629000000|  0%| F|  |TAMS 0x0000000628c00000| PB 0x0000000628c00000| Untracked 
| 164|0x0000000629000000, 0x0000000629000000, 0x0000000629400000|  0%| F|  |TAMS 0x0000000629000000| PB 0x0000000629000000| Untracked 
| 165|0x0000000629400000, 0x0000000629400000, 0x0000000629800000|  0%| F|  |TAMS 0x0000000629400000| PB 0x0000000629400000| Untracked 
| 166|0x0000000629800000, 0x0000000629800000, 0x0000000629c00000|  0%| F|  |TAMS 0x0000000629800000| PB 0x0000000629800000| Untracked 
|2047|0x00000007ffc00000, 0x00000007ffc00000, 0x0000000800000000|  0%| F|  |TAMS 0x00000007ffc00000| PB 0x00000007ffc00000| Untracked 

Card table byte_map: [0x000002a3f0bd0000,0x000002a3f1bd0000] _byte_map_base: 0x000002a3edbd0000

Marking Bits: (CMBitMap*) 0x000002a3cab6a450
 Bits: [0x000002a3f1bd0000, 0x000002a3f9bd0000)

Polling page: 0x000002a3ca7f0000

Metaspace:

Usage:
  Non-class:    102.00 MB used.
      Class:     16.36 MB used.
       Both:    118.37 MB used.

Virtual space:
  Non-class space:      128.00 MB reserved,     103.25 MB ( 81%) committed,  2 nodes.
      Class space:        1.00 GB reserved,      17.56 MB (  2%) committed,  1 nodes.
             Both:        1.12 GB reserved,     120.81 MB ( 10%) committed. 

Chunk freelists:
   Non-Class:  8.61 MB
       Class:  14.48 MB
        Both:  23.09 MB

MaxMetaspaceSize: 4.00 GB
CompressedClassSpaceSize: 1.00 GB
Initial GC threshold: 21.00 MB
Current GC threshold: 166.19 MB
CDS: on
 - commit_granule_bytes: 65536.
 - commit_granule_words: 8192.
 - virtual_space_node_default_size: 8388608.
 - enlarge_chunks_in_place: 1.
 - use_allocation_guard: 0.


Internal statistics:

num_allocs_failed_limit: 8.
num_arena_births: 4478.
num_arena_deaths: 0.
num_vsnodes_births: 3.
num_vsnodes_deaths: 0.
num_space_committed: 1931.
num_space_uncommitted: 0.
num_chunks_returned_to_freelist: 8.
num_chunks_taken_from_freelist: 10125.
num_chunk_merges: 8.
num_chunk_splits: 6720.
num_chunks_enlarged: 4310.
num_inconsistent_stats: 0.

CodeHeap 'non-profiled nmethods': size=259264Kb used=8411Kb max_used=8411Kb free=250852Kb
 bounds [0x000002a3df650000, 0x000002a3dfe90000, 0x000002a3ef380000]
CodeHeap 'profiled nmethods': size=259264Kb used=24741Kb max_used=24741Kb free=234522Kb
 bounds [0x000002a3cf380000, 0x000002a3d0bb0000, 0x000002a3df0b0000]
CodeHeap 'non-nmethods': size=5760Kb used=2281Kb max_used=2326Kb free=3479Kb
 bounds [0x000002a3df0b0000, 0x000002a3df320000, 0x000002a3df650000]
CodeCache: size=524288Kb, used=35433Kb, max_used=35478Kb, free=488853Kb
 total_blobs=13639, nmethods=12727, adapters=816, full_count=0
Compilation: enabled, stopped_count=0, restarted_count=0

Compilation events (20 events):
Event: 13396.432 Thread 0x000002a3fbe7e730 nmethod 14942 0x000002a3d0ba2a10 code [0x000002a3d0ba2d80, 0x000002a3d0ba3f40]
Event: 13396.432 Thread 0x000002a3fbe7e730 14944       3       java.lang.StringBuilder::append (8 bytes)
Event: 13396.432 Thread 0x000002a3fbe7e730 nmethod 14944 0x000002a3d0ba4590 code [0x000002a3d0ba4740, 0x000002a3d0ba4890]
Event: 13396.432 Thread 0x000002a3fbe7e730 14945       3       java.lang.AbstractStringBuilder::append (161 bytes)
Event: 13396.434 Thread 0x000002a3fbe7e730 nmethod 14945 0x000002a3d0ba4910 code [0x000002a3d0ba4b20, 0x000002a3d0ba5060]
Event: 13396.434 Thread 0x000002a3fbe7e730 14946   !   3       org.gradle.launcher.daemon.server.DaemonRegistryUnavailableExpirationStrategy::checkExpiration (143 bytes)
Event: 13396.459 Thread 0x000002a3fbe7e730 nmethod 14946 0x000002a3d0ba5290 code [0x000002a3d0ba5640, 0x000002a3d0ba6f98]
Event: 13396.459 Thread 0x000002a3fbe7e730 14947       3       com.google.common.collect.Lists$TransformingSequentialList::listIterator (19 bytes)
Event: 13396.465 Thread 0x000002a3fbe7e730 nmethod 14947 0x000002a3d0ba7a10 code [0x000002a3d0ba7c20, 0x000002a3d0ba8330]
Event: 13396.465 Thread 0x000002a3fbe7e730 14948       3       com.google.common.collect.Lists$TransformingSequentialList$1::<init> (11 bytes)
Event: 13396.465 Thread 0x000002a3fbe7e730 nmethod 14948 0x000002a3d0ba8590 code [0x000002a3d0ba8780, 0x000002a3d0ba8cd8]
Event: 13396.465 Thread 0x000002a3fbe7e730 14949       3       com.google.common.collect.TransformedListIterator::<init> (6 bytes)
Event: 13396.466 Thread 0x000002a3fbe7e730 nmethod 14949 0x000002a3d0ba8e90 code [0x000002a3d0ba9060, 0x000002a3d0ba94f0]
Event: 13398.925 Thread 0x000002a3fbe79350 14957       4       com.google.common.base.Joiner::toString (24 bytes)
Event: 13398.942 Thread 0x000002a3fbe79350 nmethod 14957 0x000002a3dfe86010 code [0x000002a3dfe861a0, 0x000002a3dfe86268]
Event: 13399.633 Thread 0x000002a3fbe79350 14958  s!   4       java.io.FileDescriptor::closeAll (163 bytes)
Event: 13399.973 Thread 0x000002a3fbe79350 nmethod 14958 0x000002a3dfe86310 code [0x000002a3dfe864c0, 0x000002a3dfe868d8]
Event: 13399.973 Thread 0x000002a3fbe79350 14959       4       java.util.ArrayList::clear (43 bytes)
Event: 13400.059 Thread 0x000002a3fbe79350 nmethod 14959 0x000002a3dfe86a90 code [0x000002a3dfe86c20, 0x000002a3dfe86ee0]
Event: 13400.437 Thread 0x000002a3fbe79350 14960       4       org.gradle.cache.internal.DefaultFileLockManager$DefaultFileLock$1::run (252 bytes)

GC Heap History (20 events):
Event: 281.779 GC heap after
{Heap after GC invocations=80 (full 0):
 garbage-first heap   total 573440K, used 122861K [0x0000000600000000, 0x0000000800000000)
  region size 4096K, 1 young (4096K), 1 survivors (4096K)
 Metaspace       used 117882K, committed 120320K, reserved 1179648K
  class space    used 16459K, committed 17664K, reserved 1048576K
}
Event: 292.627 GC heap before
{Heap before GC invocations=80 (full 0):
 garbage-first heap   total 573440K, used 143341K [0x0000000600000000, 0x0000000800000000)
  region size 4096K, 7 young (28672K), 1 survivors (4096K)
 Metaspace       used 120830K, committed 123328K, reserved 1179648K
  class space    used 16738K, committed 17984K, reserved 1048576K
}
Event: 292.943 GC heap after
{Heap after GC invocations=81 (full 0):
 garbage-first heap   total 573440K, used 123226K [0x0000000600000000, 0x0000000800000000)
  region size 4096K, 1 young (4096K), 1 survivors (4096K)
 Metaspace       used 120830K, committed 123328K, reserved 1179648K
  class space    used 16738K, committed 17984K, reserved 1048576K
}
Event: 913.238 GC heap before
{Heap before GC invocations=81 (full 0):
 garbage-first heap   total 573440K, used 143706K [0x0000000600000000, 0x0000000800000000)
  region size 4096K, 7 young (28672K), 1 survivors (4096K)
 Metaspace       used 121050K, committed 123520K, reserved 1179648K
  class space    used 16752K, committed 17984K, reserved 1048576K
}
Event: 914.370 GC heap after
{Heap after GC invocations=82 (full 0):
 garbage-first heap   total 688128K, used 123196K [0x0000000600000000, 0x0000000800000000)
  region size 4096K, 1 young (4096K), 1 survivors (4096K)
 Metaspace       used 121050K, committed 123520K, reserved 1179648K
  class space    used 16752K, committed 17984K, reserved 1048576K
}
Event: 1964.733 GC heap before
{Heap before GC invocations=82 (full 0):
 garbage-first heap   total 688128K, used 151868K [0x0000000600000000, 0x0000000800000000)
  region size 4096K, 8 young (32768K), 1 survivors (4096K)
 Metaspace       used 121112K, committed 123520K, reserved 1179648K
  class space    used 16752K, committed 17984K, reserved 1048576K
}
Event: 1969.183 GC heap after
{Heap after GC invocations=83 (full 0):
 garbage-first heap   total 688128K, used 123169K [0x0000000600000000, 0x0000000800000000)
  region size 4096K, 1 young (4096K), 1 survivors (4096K)
 Metaspace       used 121112K, committed 123520K, reserved 1179648K
  class space    used 16752K, committed 17984K, reserved 1048576K
}
Event: 3033.183 GC heap before
{Heap before GC invocations=83 (full 0):
 garbage-first heap   total 688128K, used 151841K [0x0000000600000000, 0x0000000800000000)
  region size 4096K, 8 young (32768K), 1 survivors (4096K)
 Metaspace       used 121158K, committed 123584K, reserved 1179648K
  class space    used 16752K, committed 17984K, reserved 1048576K
}
Event: 3038.421 GC heap after
{Heap after GC invocations=84 (full 0):
 garbage-first heap   total 688128K, used 123184K [0x0000000600000000, 0x0000000800000000)
  region size 4096K, 1 young (4096K), 1 survivors (4096K)
 Metaspace       used 121158K, committed 123584K, reserved 1179648K
  class space    used 16752K, committed 17984K, reserved 1048576K
}
Event: 13380.439 GC heap before
{Heap before GC invocations=84 (full 0):
 garbage-first heap   total 688128K, used 151856K [0x0000000600000000, 0x0000000800000000)
  region size 4096K, 8 young (32768K), 1 survivors (4096K)
 Metaspace       used 121189K, committed 123648K, reserved 1179648K
  class space    used 16757K, committed 17984K, reserved 1048576K
}
Event: 13382.765 GC heap after
{Heap after GC invocations=85 (full 0):
 garbage-first heap   total 688128K, used 124019K [0x0000000600000000, 0x0000000800000000)
  region size 4096K, 1 young (4096K), 1 survivors (4096K)
 Metaspace       used 121189K, committed 123648K, reserved 1179648K
  class space    used 16757K, committed 17984K, reserved 1048576K
}
Event: 13389.903 GC heap before
{Heap before GC invocations=85 (full 0):
 garbage-first heap   total 688128K, used 152691K [0x0000000600000000, 0x0000000800000000)
  region size 4096K, 8 young (32768K), 1 survivors (4096K)
 Metaspace       used 121193K, committed 123712K, reserved 1179648K
  class space    used 16757K, committed 17984K, reserved 1048576K
}
Event: 13390.577 GC heap after
{Heap after GC invocations=86 (full 0):
 garbage-first heap   total 688128K, used 124006K [0x0000000600000000, 0x0000000800000000)
  region size 4096K, 1 young (4096K), 1 survivors (4096K)
 Metaspace       used 121193K, committed 123712K, reserved 1179648K
  class space    used 16757K, committed 17984K, reserved 1048576K
}
Event: 13390.970 GC heap before
{Heap before GC invocations=86 (full 0):
 garbage-first heap   total 688128K, used 152678K [0x0000000600000000, 0x0000000800000000)
  region size 4096K, 8 young (32768K), 1 survivors (4096K)
 Metaspace       used 121193K, committed 123712K, reserved 1179648K
  class space    used 16757K, committed 17984K, reserved 1048576K
}
Event: 13391.077 GC heap after
{Heap after GC invocations=87 (full 0):
 garbage-first heap   total 688128K, used 124023K [0x0000000600000000, 0x0000000800000000)
  region size 4096K, 1 young (4096K), 1 survivors (4096K)
 Metaspace       used 121193K, committed 123712K, reserved 1179648K
  class space    used 16757K, committed 17984K, reserved 1048576K
}
Event: 13391.337 GC heap before
{Heap before GC invocations=87 (full 0):
 garbage-first heap   total 688128K, used 152695K [0x0000000600000000, 0x0000000800000000)
  region size 4096K, 8 young (32768K), 1 survivors (4096K)
 Metaspace       used 121193K, committed 123712K, reserved 1179648K
  class space    used 16757K, committed 17984K, reserved 1048576K
}
Event: 13391.356 GC heap after
{Heap after GC invocations=88 (full 0):
 garbage-first heap   total 688128K, used 123926K [0x0000000600000000, 0x0000000800000000)
  region size 4096K, 1 young (4096K), 1 survivors (4096K)
 Metaspace       used 121193K, committed 123712K, reserved 1179648K
  class space    used 16757K, committed 17984K, reserved 1048576K
}
Event: 13394.993 GC heap before
{Heap before GC invocations=88 (full 0):
 garbage-first heap   total 688128K, used 152598K [0x0000000600000000, 0x0000000800000000)
  region size 4096K, 8 young (32768K), 1 survivors (4096K)
 Metaspace       used 121207K, committed 123712K, reserved 1179648K
  class space    used 16757K, committed 17984K, reserved 1048576K
}
Event: 13395.402 GC heap after
{Heap after GC invocations=89 (full 0):
 garbage-first heap   total 688128K, used 123997K [0x0000000600000000, 0x0000000800000000)
  region size 4096K, 1 young (4096K), 1 survivors (4096K)
 Metaspace       used 121207K, committed 123712K, reserved 1179648K
  class space    used 16757K, committed 17984K, reserved 1048576K
}
Event: 13403.002 GC heap before
{Heap before GC invocations=89 (full 0):
 garbage-first heap   total 688128K, used 152669K [0x0000000600000000, 0x0000000800000000)
  region size 4096K, 8 young (32768K), 1 survivors (4096K)
 Metaspace       used 121208K, committed 123712K, reserved 1179648K
  class space    used 16757K, committed 17984K, reserved 1048576K
}

Dll operation events (14 events):
Event: 0.142 Loaded shared library C:\Users\kimch\.vscode\extensions\redhat.java-1.55.0-win32-x64\jre\21.0.11-win32-x86_64\bin\java.dll
Event: 1.214 Loaded shared library C:\Users\kimch\.vscode\extensions\redhat.java-1.55.0-win32-x64\jre\21.0.11-win32-x86_64\bin\zip.dll
Event: 1.327 Loaded shared library C:\Users\kimch\.vscode\extensions\redhat.java-1.55.0-win32-x64\jre\21.0.11-win32-x86_64\bin\instrument.dll
Event: 1.375 Loaded shared library C:\Users\kimch\.vscode\extensions\redhat.java-1.55.0-win32-x64\jre\21.0.11-win32-x86_64\bin\net.dll
Event: 1.389 Loaded shared library C:\Users\kimch\.vscode\extensions\redhat.java-1.55.0-win32-x64\jre\21.0.11-win32-x86_64\bin\nio.dll
Event: 1.394 Loaded shared library C:\Users\kimch\.vscode\extensions\redhat.java-1.55.0-win32-x64\jre\21.0.11-win32-x86_64\bin\zip.dll
Event: 2.626 Loaded shared library C:\Users\kimch\.vscode\extensions\redhat.java-1.55.0-win32-x64\jre\21.0.11-win32-x86_64\bin\jimage.dll
Event: 3.781 Loaded shared library C:\Users\kimch\.vscode\extensions\redhat.java-1.55.0-win32-x64\jre\21.0.11-win32-x86_64\bin\verify.dll
Event: 3.894 Loaded shared library C:\Users\kimch\.gradle\native\1def1411415f61bf3af743bc5b6707747c0891f09f0c88961ee8f79bc544acac\windows-amd64\native-platform.dll
Event: 3.932 Loaded shared library C:\Users\kimch\.gradle\native\0.2.8\x86_64-windows-gnu\gradle-fileevents.dll
Event: 10.315 Loaded shared library C:\Users\kimch\.vscode\extensions\redhat.java-1.55.0-win32-x64\jre\21.0.11-win32-x86_64\bin\management.dll
Event: 10.324 Loaded shared library C:\Users\kimch\.vscode\extensions\redhat.java-1.55.0-win32-x64\jre\21.0.11-win32-x86_64\bin\management_ext.dll
Event: 11.023 Loaded shared library C:\Users\kimch\.vscode\extensions\redhat.java-1.55.0-win32-x64\jre\21.0.11-win32-x86_64\bin\extnet.dll
Event: 13.482 Loaded shared library C:\Users\kimch\.vscode\extensions\redhat.java-1.55.0-win32-x64\jre\21.0.11-win32-x86_64\bin\sunmscapi.dll

Deoptimization events (20 events):
Event: 13383.161 Thread 0x000002a3fdd03860 DEOPT PACKING pc=0x000002a3dfe77d20 sp=0x000000e7131ff2b0
Event: 13383.161 Thread 0x000002a3fc618840 DEOPT PACKING pc=0x000002a3dfe77d20 sp=0x000000e7133ff540
Event: 13383.188 Thread 0x000002a3fc618840 DEOPT UNPACKING pc=0x000002a3df107ba2 sp=0x000000e7133ff420 mode 2
Event: 13383.192 Thread 0x000002a3fdd03860 DEOPT UNPACKING pc=0x000002a3df107ba2 sp=0x000000e7131ff190 mode 2
Event: 13383.244 Thread 0x000002a3fc65a6a0 Uncommon trap: trap_request=0xffffffd6 fr.pc=0x000002a3dfe77d20 relative=0x00000000000006a0
Event: 13383.244 Thread 0x000002a3fc65a6a0 Uncommon trap: reason=array_check action=maybe_recompile pc=0x000002a3dfe77d20 method=java.util.concurrent.ScheduledThreadPoolExecutor$DelayedWorkQueue.offer(Ljava/lang/Runnable;)Z @ 65 c2
Event: 13383.244 Thread 0x000002a3fc65a6a0 DEOPT PACKING pc=0x000002a3dfe77d20 sp=0x000000e7151ff070
Event: 13383.244 Thread 0x000002a3fc65a6a0 DEOPT UNPACKING pc=0x000002a3df107ba2 sp=0x000000e7151fef50 mode 2
Event: 13383.284 Thread 0x000002a3fdd03860 Uncommon trap: trap_request=0xffffffd6 fr.pc=0x000002a3dfe77d20 relative=0x00000000000006a0
Event: 13383.285 Thread 0x000002a3fdd03860 Uncommon trap: reason=array_check action=maybe_recompile pc=0x000002a3dfe77d20 method=java.util.concurrent.ScheduledThreadPoolExecutor$DelayedWorkQueue.offer(Ljava/lang/Runnable;)Z @ 65 c2
Event: 13383.285 Thread 0x000002a3fdd03860 DEOPT PACKING pc=0x000002a3dfe77d20 sp=0x000000e7131ff2b0
Event: 13383.285 Thread 0x000002a3fdd03860 DEOPT UNPACKING pc=0x000002a3df107ba2 sp=0x000000e7131ff190 mode 2
Event: 13383.285 Thread 0x000002a3fdd03860 Uncommon trap: trap_request=0xffffffd6 fr.pc=0x000002a3dfe7919c relative=0x000000000000069c
Event: 13383.285 Thread 0x000002a3fdd03860 Uncommon trap: reason=array_check action=maybe_recompile pc=0x000002a3dfe7919c method=java.util.concurrent.ScheduledThreadPoolExecutor$DelayedWorkQueue.offer(Ljava/lang/Runnable;)Z @ 65 c2
Event: 13383.285 Thread 0x000002a3fdd03860 DEOPT PACKING pc=0x000002a3dfe7919c sp=0x000000e7131ff1d0
Event: 13383.285 Thread 0x000002a3fdd03860 DEOPT UNPACKING pc=0x000002a3df107ba2 sp=0x000000e7131ff190 mode 2
Event: 13394.120 Thread 0x000002a3fc65e840 Uncommon trap: trap_request=0xffffffde fr.pc=0x000002a3dfe1884c relative=0x00000000000022cc
Event: 13394.168 Thread 0x000002a3fc65e840 Uncommon trap: reason=class_check action=maybe_recompile pc=0x000002a3dfe1884c method=org.gradle.internal.logging.console.StyledTextOutputBackedRenderer.onOutput(Lorg/gradle/internal/logging/events/OutputEvent;)V @ 58 c2
Event: 13394.171 Thread 0x000002a3fc65e840 DEOPT PACKING pc=0x000002a3dfe1884c sp=0x000000e7135f8080
Event: 13394.174 Thread 0x000002a3fc65e840 DEOPT UNPACKING pc=0x000002a3df107ba2 sp=0x000000e7135f7fc8 mode 2

Classes loaded (20 events):
Event: 273.429 Loading class sun/nio/fs/WindowsSecurity$Privilege
Event: 273.439 Loading class sun/nio/fs/WindowsSecurity$Privilege done
Event: 273.478 Loading class sun/nio/fs/WindowsAclFileAttributeView
Event: 273.516 Loading class sun/nio/fs/AbstractAclFileAttributeView
Event: 273.521 Loading class java/nio/file/attribute/AclFileAttributeView
Event: 273.536 Loading class java/nio/file/attribute/FileOwnerAttributeView
Event: 273.541 Loading class java/nio/file/attribute/FileOwnerAttributeView done
Event: 273.541 Loading class java/nio/file/attribute/AclFileAttributeView done
Event: 273.547 Loading class sun/nio/fs/AbstractAclFileAttributeView done
Event: 273.547 Loading class sun/nio/fs/WindowsAclFileAttributeView done
Event: 290.492 Loading class java/time/Instant$1
Event: 290.500 Loading class java/time/Instant$1 done
Event: 293.554 Loading class java/net/UrlDeserializedState
Event: 293.582 Loading class java/net/UrlDeserializedState done
Event: 294.385 Loading class java/util/concurrent/CompletableFuture$AsyncRun
Event: 294.415 Loading class java/util/concurrent/CompletableFuture$AsyncRun done
Event: 3103.437 Loading class jdk/internal/math/FormattedFPDecimal
Event: 3103.834 Loading class jdk/internal/math/FormattedFPDecimal done
Event: 3113.820 Loading class java/util/function/BooleanSupplier
Event: 3114.301 Loading class java/util/function/BooleanSupplier done

Classes unloaded (0 events):
No events

Classes redefined (0 events):
No events

Internal exceptions (20 events):
Event: 285.367 Thread 0x000002a3fdcb42b0 Exception <a 'java/lang/IncompatibleClassChangeError'{0x00000006226c7ad8}: Found class java.lang.Object, but interface was expected> (0x00000006226c7ad8) 
thrown [s\src\hotspot\share\interpreter\linkResolver.cpp, line 840]
Event: 290.804 Thread 0x000002a3fdcb42b0 Implicit null exception at 0x000002a3dfd9500c to 0x000002a3dfd95d7c
Event: 290.871 Thread 0x000002a3fdcb42b0 Implicit null exception at 0x000002a3dfd0d572 to 0x000002a3dfd11590
Event: 292.235 Thread 0x000002a3fdcb42b0 Implicit null exception at 0x000002a3dfaf6dcd to 0x000002a3dfaf7014
Event: 293.324 Thread 0x000002a3fd1125b0 Exception <a 'java/lang/NoSuchMethodError'{0x00000007ffc89d80}: static Lorg/gradle/tooling/internal/provider/serialization/ClassLoaderDetails;.<clinit>()V> (0x00000007ffc89d80) 
thrown [s\src\hotspot\share\prims\jni.cpp, line 1111]
Event: 293.439 Thread 0x000002a3fd1125b0 Exception <a 'java/lang/NoSuchMethodError'{0x00000007ffcac4d0}: static Lorg/gradle/tooling/internal/provider/serialization/WellKnownClassLoaderRegistry$KnownClassLoaderSpec;.<clinit>()V> (0x00000007ffcac4d0) 
thrown [s\src\hotspot\share\prims\jni.cpp, line 1111]
Event: 293.440 Thread 0x000002a3fd1125b0 Exception <a 'java/lang/NoSuchMethodError'{0x00000007ffcadd18}: static Lorg/gradle/internal/classloader/ClassLoaderSpec;.<clinit>()V> (0x00000007ffcadd18) 
thrown [s\src\hotspot\share\prims\jni.cpp, line 1111]
Event: 293.509 Thread 0x000002a3fd1125b0 Exception <a 'java/lang/NoSuchMethodError'{0x00000007ffcc2950}: static Lorg/gradle/internal/classloader/ClassLoaderSpec;.<clinit>()V> (0x00000007ffcc2950) 
thrown [s\src\hotspot\share\prims\jni.cpp, line 1111]
Event: 293.513 Thread 0x000002a3fd1125b0 Exception <a 'java/lang/NoSuchMethodError'{0x00000007ffccefa8}: static Lorg/gradle/internal/classloader/VisitableURLClassLoader$Spec;.<clinit>()V> (0x00000007ffccefa8) 
thrown [s\src\hotspot\share\prims\jni.cpp, line 1111]
Event: 293.884 Thread 0x000002a3fd1125b0 Exception <a 'java/lang/NoSuchMethodError'{0x00000007ffcefde8}: static [Ljava/net/URL;.<clinit>()V> (0x00000007ffcefde8) 
thrown [s\src\hotspot\share\prims\jni.cpp, line 1111]
Event: 301.847 Thread 0x000002a3fc65a010 Exception <a 'sun/nio/fs/WindowsException'{0x00000007fffa1be0}> (0x00000007fffa1be0) 
thrown [s\src\hotspot\share\prims\jni.cpp, line 520]
Event: 301.852 Thread 0x000002a3fc65a010 Exception <a 'sun/nio/fs/WindowsException'{0x00000007fffa2d60}> (0x00000007fffa2d60) 
thrown [s\src\hotspot\share\prims\jni.cpp, line 520]
Event: 3123.930 Thread 0x000002a3fc65e840 Exception <a 'sun/nio/fs/WindowsException'{0x0000000629975340}> (0x0000000629975340) 
thrown [s\src\hotspot\share\prims\jni.cpp, line 520]
Event: 3124.059 Thread 0x000002a3fc65e840 Exception <a 'sun/nio/fs/WindowsException'{0x0000000629976820}> (0x0000000629976820) 
thrown [s\src\hotspot\share\prims\jni.cpp, line 520]
Event: 3124.063 Thread 0x000002a3fc65e840 Exception <a 'sun/nio/fs/WindowsException'{0x0000000629977cf0}> (0x0000000629977cf0) 
thrown [s\src\hotspot\share\prims\jni.cpp, line 520]
Event: 3124.089 Thread 0x000002a3fc65e840 Exception <a 'sun/nio/fs/WindowsException'{0x0000000629991248}> (0x0000000629991248) 
thrown [s\src\hotspot\share\prims\jni.cpp, line 520]
Event: 13373.310 Thread 0x000002a3fc65e840 Exception <a 'sun/nio/fs/WindowsException'{0x0000000629a77a80}> (0x0000000629a77a80) 
thrown [s\src\hotspot\share\prims\jni.cpp, line 520]
Event: 13373.421 Thread 0x000002a3fc65e840 Exception <a 'sun/nio/fs/WindowsException'{0x00000006295ed818}> (0x00000006295ed818) 
thrown [s\src\hotspot\share\prims\jni.cpp, line 520]
Event: 13373.422 Thread 0x000002a3fc65e840 Exception <a 'sun/nio/fs/WindowsException'{0x00000006295ef4f8}> (0x00000006295ef4f8) 
thrown [s\src\hotspot\share\prims\jni.cpp, line 520]
Event: 13373.430 Thread 0x000002a3fc65e840 Exception <a 'sun/nio/fs/WindowsException'{0x00000006295f11b8}> (0x00000006295f11b8) 
thrown [s\src\hotspot\share\prims\jni.cpp, line 520]

ZGC Phase Switch (0 events):
No events

VM Operations (20 events):
Event: 13390.578 Executing safepoint VM operation: G1CollectForAllocation (G1 Evacuation Pause) done
Event: 13390.927 Executing safepoint VM operation: G1CollectForAllocation (G1 Evacuation Pause)
Event: 13391.077 Executing safepoint VM operation: G1CollectForAllocation (G1 Evacuation Pause) done
Event: 13391.288 Executing safepoint VM operation: G1CollectForAllocation (G1 Evacuation Pause)
Event: 13391.356 Executing safepoint VM operation: G1CollectForAllocation (G1 Evacuation Pause) done
Event: 13393.369 Executing safepoint VM operation: Cleanup
Event: 13393.432 Executing safepoint VM operation: Cleanup done
Event: 13394.440 Executing safepoint VM operation: Cleanup
Event: 13394.456 Executing safepoint VM operation: Cleanup done
Event: 13394.899 Executing safepoint VM operation: G1CollectForAllocation (G1 Evacuation Pause)
Event: 13395.402 Executing safepoint VM operation: G1CollectForAllocation (G1 Evacuation Pause) done
Event: 13396.410 Executing safepoint VM operation: Cleanup
Event: 13396.427 Executing safepoint VM operation: Cleanup done
Event: 13398.438 Executing safepoint VM operation: Cleanup
Event: 13398.472 Executing safepoint VM operation: Cleanup done
Event: 13399.472 Executing safepoint VM operation: Cleanup
Event: 13399.488 Executing safepoint VM operation: Cleanup done
Event: 13400.493 Executing safepoint VM operation: Cleanup
Event: 13400.994 Executing safepoint VM operation: Cleanup done
Event: 13402.905 Executing safepoint VM operation: G1CollectForAllocation (G1 Evacuation Pause)

Memory protections (0 events):
No events

Nmethod flushes (20 events):
Event: 142.039 Thread 0x000002a3fbe47b60 flushing  nmethod 0x000002a3cfb36d90
Event: 142.039 Thread 0x000002a3fbe47b60 flushing  nmethod 0x000002a3cfc6ac90
Event: 142.039 Thread 0x000002a3fbe47b60 flushing  nmethod 0x000002a3cfcf7410
Event: 142.039 Thread 0x000002a3fbe47b60 flushing  nmethod 0x000002a3cfcfae90
Event: 142.039 Thread 0x000002a3fbe47b60 flushing  nmethod 0x000002a3cfcff690
Event: 142.039 Thread 0x000002a3fbe47b60 flushing  nmethod 0x000002a3cfcffa90
Event: 142.039 Thread 0x000002a3fbe47b60 flushing  nmethod 0x000002a3cfd00110
Event: 142.039 Thread 0x000002a3fbe47b60 flushing  nmethod 0x000002a3cfd2db90
Event: 142.039 Thread 0x000002a3fbe47b60 flushing  nmethod 0x000002a3cfd3ec10
Event: 142.039 Thread 0x000002a3fbe47b60 flushing  nmethod 0x000002a3cfd3f490
Event: 142.039 Thread 0x000002a3fbe47b60 flushing  nmethod 0x000002a3cfd4f710
Event: 142.039 Thread 0x000002a3fbe47b60 flushing  nmethod 0x000002a3cfd56510
Event: 142.039 Thread 0x000002a3fbe47b60 flushing  nmethod 0x000002a3cfd8e510
Event: 142.039 Thread 0x000002a3fbe47b60 flushing  nmethod 0x000002a3cfdb4c10
Event: 142.039 Thread 0x000002a3fbe47b60 flushing  nmethod 0x000002a3cff7ca90
Event: 142.039 Thread 0x000002a3fbe47b60 flushing  nmethod 0x000002a3cff7d110
Event: 142.039 Thread 0x000002a3fbe47b60 flushing  nmethod 0x000002a3cff7d690
Event: 142.039 Thread 0x000002a3fbe47b60 flushing  nmethod 0x000002a3cff7e990
Event: 142.039 Thread 0x000002a3fbe47b60 flushing  nmethod 0x000002a3cff7f510
Event: 142.039 Thread 0x000002a3fbe47b60 flushing  nmethod 0x000002a3cff7f890

Events (20 events):
Event: 292.341 Thread 0x000002a3fc547500 Thread exited: 0x000002a3fc547500
Event: 294.478 Thread 0x000002a3fd1125b0 Thread added: 0x000002a3fc65a010
Event: 294.502 Thread 0x000002a3fcfdbfa0 Thread exited: 0x000002a3fcfdbfa0
Event: 301.480 Thread 0x000002a3fd112c20 Thread exited: 0x000002a3fd112c20
Event: 353.121 Thread 0x000002a3fdcb42b0 Thread exited: 0x000002a3fdcb42b0
Event: 361.584 Thread 0x000002a3fd1125b0 Thread exited: 0x000002a3fd1125b0
Event: 362.002 Thread 0x000002a3fc65a010 Thread exited: 0x000002a3fc65a010
Event: 3099.031 Thread 0x000002a3fdb6dcb0 Thread added: 0x000002a3fc65b3c0
Event: 3099.323 Thread 0x000002a3fc65b3c0 Thread added: 0x000002a3fc657f40
Event: 3100.661 Thread 0x000002a3fc65b3c0 Thread added: 0x000002a3fc65d490
Event: 3102.648 Thread 0x000002a3fc65b3c0 Thread added: 0x000002a3fc65e840
Event: 3103.093 Thread 0x000002a3fc65e840 Thread added: 0x000002a3fc65e1b0
Event: 3104.021 Thread 0x000002a3fc65e840 Thread added: 0x000002a3fc65ba50
Event: 3104.061 Thread 0x000002a3fc65e840 Thread added: 0x000002a3fc65db20
Event: 3107.903 Thread 0x000002a3fc65e840 Thread added: 0x000002a3fc65c0e0
Event: 3108.449 Thread 0x000002a3fc65e840 Thread added: 0x000002a3fc65c770
Event: 3120.735 Thread 0x000002a3fc65e840 Thread added: 0x000002a3fc65ce00
Event: 3122.854 Thread 0x000002a3fc65e840 Thread added: 0x000002a3c505bc50
Event: 3123.132 Thread 0x000002a3fc65e840 Thread added: 0x000002a3c505c970
Event: 3132.858 Thread 0x000002a3fc65e840 Thread added: 0x000002a3c505af30


Dynamic libraries:
0x00007ff622540000 - 0x00007ff62254e000 	C:\Users\kimch\.vscode\extensions\redhat.java-1.55.0-win32-x64\jre\21.0.11-win32-x86_64\bin\java.exe
0x00007ffcd2620000 - 0x00007ffcd2886000 	C:\WINDOWS\SYSTEM32\ntdll.dll
0x00007ffcd0ec0000 - 0x00007ffcd0f89000 	C:\WINDOWS\System32\KERNEL32.DLL
0x00007ffccfdc0000 - 0x00007ffcd01be000 	C:\WINDOWS\System32\KERNELBASE.dll
0x00007ffccfba0000 - 0x00007ffccfcec000 	C:\WINDOWS\System32\ucrtbase.dll
0x00007ffcab590000 - 0x00007ffcab5a8000 	C:\Users\kimch\.vscode\extensions\redhat.java-1.55.0-win32-x64\jre\21.0.11-win32-x86_64\bin\jli.dll
0x00007ffcd1290000 - 0x00007ffcd1457000 	C:\WINDOWS\System32\USER32.dll
0x00007ffcd0290000 - 0x00007ffcd02b7000 	C:\WINDOWS\System32\win32u.dll
0x00007ffcd0c50000 - 0x00007ffcd0c7b000 	C:\WINDOWS\System32\GDI32.dll
0x00007ffccfa70000 - 0x00007ffccfb9a000 	C:\WINDOWS\System32\gdi32full.dll
0x00007ffccf840000 - 0x00007ffccf8e3000 	C:\WINDOWS\System32\msvcp_win.dll
0x00007ffcab570000 - 0x00007ffcab58e000 	C:\Users\kimch\.vscode\extensions\redhat.java-1.55.0-win32-x64\jre\21.0.11-win32-x86_64\bin\VCRUNTIME140.dll
0x00007ffcaf700000 - 0x00007ffcaf992000 	C:\WINDOWS\WinSxS\amd64_microsoft.windows.common-controls_6595b64144ccf1df_6.0.26100.8875_none_3e0d5d42e32fe9dd\COMCTL32.dll
0x00007ffcd09d0000 - 0x00007ffcd0a79000 	C:\WINDOWS\System32\msvcrt.dll
0x00007ffcd1460000 - 0x00007ffcd1492000 	C:\WINDOWS\System32\IMM32.DLL
0x00007ffcb9a20000 - 0x00007ffcb9a2c000 	C:\Users\kimch\.vscode\extensions\redhat.java-1.55.0-win32-x64\jre\21.0.11-win32-x86_64\bin\vcruntime140_1.dll
0x00007ffcab4e0000 - 0x00007ffcab56d000 	C:\Users\kimch\.vscode\extensions\redhat.java-1.55.0-win32-x64\jre\21.0.11-win32-x86_64\bin\msvcp140.dll
0x00007ffc2f1e0000 - 0x00007ffc2ff82000 	C:\Users\kimch\.vscode\extensions\redhat.java-1.55.0-win32-x64\jre\21.0.11-win32-x86_64\bin\server\jvm.dll
0x00007ffcd0900000 - 0x00007ffcd09b7000 	C:\WINDOWS\System32\ADVAPI32.dll
0x00007ffcd0e10000 - 0x00007ffcd0eba000 	C:\WINDOWS\System32\sechost.dll
0x00007ffcd0c80000 - 0x00007ffcd0d98000 	C:\WINDOWS\System32\RPCRT4.dll
0x00007ffcd0f90000 - 0x00007ffcd1010000 	C:\WINDOWS\System32\WS2_32.dll
0x00007ffccf6c0000 - 0x00007ffccf71e000 	C:\WINDOWS\SYSTEM32\POWRPROF.dll
0x00007ffcbebc0000 - 0x00007ffcbebf6000 	C:\WINDOWS\SYSTEM32\WINMM.dll
0x00007ffcc26f0000 - 0x00007ffcc26fb000 	C:\WINDOWS\SYSTEM32\VERSION.dll
0x00007ffccf6a0000 - 0x00007ffccf6b4000 	C:\WINDOWS\SYSTEM32\UMPDC.dll
0x00007ffcce500000 - 0x00007ffcce51b000 	C:\WINDOWS\SYSTEM32\kernel.appcore.dll
0x00007ffcab4d0000 - 0x00007ffcab4da000 	C:\Users\kimch\.vscode\extensions\redhat.java-1.55.0-win32-x64\jre\21.0.11-win32-x86_64\bin\jimage.dll
0x00007ffcc1770000 - 0x00007ffcc19b2000 	C:\WINDOWS\SYSTEM32\DBGHELP.DLL
0x00007ffcd1ca0000 - 0x00007ffcd2023000 	C:\WINDOWS\System32\combase.dll
0x00007ffcd0ab0000 - 0x00007ffcd0b89000 	C:\WINDOWS\System32\OLEAUT32.dll
0x00007ffcc1420000 - 0x00007ffcc145b000 	C:\WINDOWS\SYSTEM32\dbgcore.DLL
0x00007ffcd01d0000 - 0x00007ffcd027c000 	C:\WINDOWS\System32\bcryptPrimitives.dll
0x00007ffca0550000 - 0x00007ffca055f000 	C:\Users\kimch\.vscode\extensions\redhat.java-1.55.0-win32-x64\jre\21.0.11-win32-x86_64\bin\instrument.dll
0x00007ffcab4b0000 - 0x00007ffcab4d0000 	C:\Users\kimch\.vscode\extensions\redhat.java-1.55.0-win32-x64\jre\21.0.11-win32-x86_64\bin\java.dll
0x00007ffcd1500000 - 0x00007ffcd1c92000 	C:\WINDOWS\System32\SHELL32.dll
0x00007ffccd2c0000 - 0x00007ffccdb52000 	C:\WINDOWS\SYSTEM32\windows.storage.dll
0x00007ffcd21d0000 - 0x00007ffcd22c7000 	C:\WINDOWS\System32\SHCORE.dll
0x00007ffcd0da0000 - 0x00007ffcd0e07000 	C:\WINDOWS\System32\shlwapi.dll
0x00007ffccf760000 - 0x00007ffccf789000 	C:\WINDOWS\SYSTEM32\profapi.dll
0x00007ffcab410000 - 0x00007ffcab428000 	C:\Users\kimch\.vscode\extensions\redhat.java-1.55.0-win32-x64\jre\21.0.11-win32-x86_64\bin\zip.dll
0x00007ffcab400000 - 0x00007ffcab410000 	C:\Users\kimch\.vscode\extensions\redhat.java-1.55.0-win32-x64\jre\21.0.11-win32-x86_64\bin\net.dll
0x00007ffcc35a0000 - 0x00007ffcc36c7000 	C:\WINDOWS\SYSTEM32\WINHTTP.dll
0x00007ffccead0000 - 0x00007ffcceb3c000 	C:\WINDOWS\system32\mswsock.dll
0x00007ffcab3e0000 - 0x00007ffcab3f6000 	C:\Users\kimch\.vscode\extensions\redhat.java-1.55.0-win32-x64\jre\21.0.11-win32-x86_64\bin\nio.dll
0x00007ffca10b0000 - 0x00007ffca10c0000 	C:\Users\kimch\.vscode\extensions\redhat.java-1.55.0-win32-x64\jre\21.0.11-win32-x86_64\bin\verify.dll
0x00007ffc8daf0000 - 0x00007ffc8db17000 	C:\Users\kimch\.gradle\native\1def1411415f61bf3af743bc5b6707747c0891f09f0c88961ee8f79bc544acac\windows-amd64\native-platform.dll
0x00007ffc41680000 - 0x00007ffc416f7000 	C:\Users\kimch\.gradle\native\0.2.8\x86_64-windows-gnu\gradle-fileevents.dll
0x00007ffca11c0000 - 0x00007ffca11ca000 	C:\Users\kimch\.vscode\extensions\redhat.java-1.55.0-win32-x64\jre\21.0.11-win32-x86_64\bin\management.dll
0x00007ffca0570000 - 0x00007ffca057c000 	C:\Users\kimch\.vscode\extensions\redhat.java-1.55.0-win32-x64\jre\21.0.11-win32-x86_64\bin\management_ext.dll
0x00007ffcd09c0000 - 0x00007ffcd09c8000 	C:\WINDOWS\System32\PSAPI.DLL
0x00007ffccdf50000 - 0x00007ffccdf83000 	C:\WINDOWS\SYSTEM32\IPHLPAPI.DLL
0x00007ffcd1040000 - 0x00007ffcd104a000 	C:\WINDOWS\System32\NSI.dll
0x00007ffca10d0000 - 0x00007ffca10d9000 	C:\Users\kimch\.vscode\extensions\redhat.java-1.55.0-win32-x64\jre\21.0.11-win32-x86_64\bin\extnet.dll
0x00007ffccedd0000 - 0x00007ffccedeb000 	C:\WINDOWS\SYSTEM32\CRYPTSP.dll
0x00007ffcce450000 - 0x00007ffcce489000 	C:\WINDOWS\system32\rsaenh.dll
0x00007ffcceb90000 - 0x00007ffccebc2000 	C:\WINDOWS\SYSTEM32\USERENV.dll
0x00007ffccf730000 - 0x00007ffccf75a000 	C:\WINDOWS\SYSTEM32\bcrypt.dll
0x00007ffccedf0000 - 0x00007ffccedfc000 	C:\WINDOWS\SYSTEM32\CRYPTBASE.dll
0x00007ffcaf0a0000 - 0x00007ffcaf0ae000 	C:\Users\kimch\.vscode\extensions\redhat.java-1.55.0-win32-x64\jre\21.0.11-win32-x86_64\bin\sunmscapi.dll
0x00007ffccf8f0000 - 0x00007ffccfa68000 	C:\WINDOWS\System32\CRYPT32.dll
0x00007ffccf010000 - 0x00007ffccf040000 	C:\WINDOWS\SYSTEM32\ncrypt.dll
0x00007ffccefc0000 - 0x00007ffccefff000 	C:\WINDOWS\SYSTEM32\NTASN1.dll
0x00007ffc90750000 - 0x00007ffc90758000 	C:\WINDOWS\system32\wshunix.dll
0x00007ffcce630000 - 0x00007ffcce666000 	C:\WINDOWS\SYSTEM32\ntmarta.dll

JVMTI agents:
C:\Users\kimch\.gradle\wrapper\dists\gradle-9.1.0-all\7wzd0jkjit61aq2p43wpjgij9\gradle-9.1.0\lib\agents\gradle-instrumentation-agent-9.1.0.jar path:C:\Users\kimch\.vscode\extensions\redhat.java-1.55.0-win32-x64\jre\21.0.11-win32-x86_64\bin\instrument.dll, loaded, initialized, instrumentlib options:none

dbghelp: loaded successfully - version: 4.0.5 - missing functions: none
symbol engine: initialized successfully - sym options: 0x614 - pdb path: .;C:\Users\kimch\.vscode\extensions\redhat.java-1.55.0-win32-x64\jre\21.0.11-win32-x86_64\bin;C:\WINDOWS\SYSTEM32;C:\WINDOWS\WinSxS\amd64_microsoft.windows.common-controls_6595b64144ccf1df_6.0.26100.8875_none_3e0d5d42e32fe9dd;C:\Users\kimch\.vscode\extensions\redhat.java-1.55.0-win32-x64\jre\21.0.11-win32-x86_64\bin\server;C:\Users\kimch\.gradle\native\1def1411415f61bf3af743bc5b6707747c0891f09f0c88961ee8f79bc544acac\windows-amd64;C:\Users\kimch\.gradle\native\0.2.8\x86_64-windows-gnu

VM Arguments:
jvm_args: --add-opens=java.base/java.lang=ALL-UNNAMED --add-opens=java.base/java.lang.invoke=ALL-UNNAMED --add-opens=java.base/java.util=ALL-UNNAMED --add-opens=java.prefs/java.util.prefs=ALL-UNNAMED --add-exports=jdk.compiler/com.sun.tools.javac.api=ALL-UNNAMED --add-exports=jdk.compiler/com.sun.tools.javac.util=ALL-UNNAMED --add-opens=java.base/java.util=ALL-UNNAMED --add-opens=java.prefs/java.util.prefs=ALL-UNNAMED --add-opens=java.base/java.nio.charset=ALL-UNNAMED --add-opens=java.base/java.net=ALL-UNNAMED --add-opens=java.base/java.util.concurrent=ALL-UNNAMED --add-opens=java.base/java.util.concurrent.atomic=ALL-UNNAMED --add-opens=java.xml/javax.xml.namespace=ALL-UNNAMED --add-opens=java.base/java.time=ALL-UNNAMED -XX:MaxMetaspaceSize=4G -XX:ReservedCodeCacheSize=512m -XX:+HeapDumpOnOutOfMemoryError -Xmx8G -Dfile.encoding=UTF-8 -Duser.country=US -Duser.language=en -Duser.variant -javaagent:C:\Users\kimch\.gradle\wrapper\dists\gradle-9.1.0-all\7wzd0jkjit61aq2p43wpjgij9\gradle-9.1.0\lib\agents\gradle-instrumentation-agent-9.1.0.jar 
java_command: org.gradle.launcher.daemon.bootstrap.GradleDaemon 9.1.0
java_class_path (initial): C:\Users\kimch\.gradle\wrapper\dists\gradle-9.1.0-all\7wzd0jkjit61aq2p43wpjgij9\gradle-9.1.0\lib\gradle-daemon-main-9.1.0.jar
Launcher Type: SUN_STANDARD

[Global flags]
     intx CICompilerCount                          = 3                                         {product} {ergonomic}
     uint ConcGCThreads                            = 1                                         {product} {ergonomic}
     uint G1ConcRefinementThreads                  = 4                                         {product} {ergonomic}
   size_t G1HeapRegionSize                         = 4194304                                   {product} {ergonomic}
    uintx GCDrainStackTargetSize                   = 64                                        {product} {ergonomic}
     bool HeapDumpOnOutOfMemoryError               = true                                   {manageable} {command line}
   size_t InitialHeapSize                          = 67108864                                  {product} {ergonomic}
   size_t MarkStackSize                            = 4194304                                   {product} {ergonomic}
   size_t MaxHeapSize                              = 8589934592                                {product} {command line}
   size_t MaxMetaspaceSize                         = 4294967296                                {product} {command line}
   size_t MaxNewSize                               = 5150605312                                {product} {ergonomic}
   size_t MinHeapDeltaBytes                        = 4194304                                   {product} {ergonomic}
   size_t MinHeapSize                              = 8388608                                   {product} {ergonomic}
    uintx NonNMethodCodeHeapSize                   = 5832780                                {pd product} {ergonomic}
    uintx NonProfiledCodeHeapSize                  = 265519066                              {pd product} {ergonomic}
    uintx ProfiledCodeHeapSize                     = 265519066                              {pd product} {ergonomic}
    uintx ReservedCodeCacheSize                    = 536870912                              {pd product} {command line}
     bool SegmentedCodeCache                       = true                                      {product} {ergonomic}
   size_t SoftMaxHeapSize                          = 8589934592                             {manageable} {ergonomic}
     bool UseCompressedOops                        = true                           {product lp64_product} {ergonomic}
     bool UseG1GC                                  = true                                      {product} {ergonomic}
     bool UseLargePagesIndividualAllocation        = false                                  {pd product} {ergonomic}

Logging:
Log output configuration:
 #0: stdout all=warning uptime,level,tags foldmultilines=false
 #1: stderr all=off uptime,level,tags foldmultilines=false

Release file:
JAVA_VERSION="21.0.11" 
MODULES="java.base java.compiler java.datatransfer java.xml java.prefs java.desktop java.instrument java.logging java.management java.security.sasl java.naming java.rmi java.management.rmi java.net.http java.scripting java.security.jgss java.transaction.xa java.sql java.sql.rowset java.xml.crypto java.se java.smartcardio jdk.accessibility jdk.internal.jvmstat jdk.attach jdk.charsets jdk.internal.opt jdk.zipfs jdk.compiler jdk.crypto.ec jdk.crypto.cryptoki jdk.crypto.mscapi jdk.dynalink jdk.internal.ed jdk.editpad jdk.hotspot.agent jdk.httpserver jdk.internal.le jdk.internal.vm.ci jdk.internal.vm.compiler jdk.internal.vm.compiler.management jdk.jartool jdk.javadoc jdk.jcmd jdk.management jdk.management.agent jdk.jconsole jdk.jdeps jdk.jdwp.agent jdk.jdi jdk.jfr jdk.jshell jdk.jsobject jdk.jstatd jdk.localedata jdk.management.jfr jdk.naming.dns jdk.naming.rmi jdk.net jdk.nio.mapmode jdk.random jdk.sctp jdk.security.auth jdk.security.jgss jdk.unsupported jdk.unsupported.desktop jdk.xml.dom" 

Environment Variables:
JAVA_HOME=C:\Program Files\Eclipse Adoptium\jdk-11.0.31.11-hotspot\bin
PATH=C:\Program Files\Eclipse Adoptium\jdk-11.0.31.11-hotspot\bin;C:\Program Files (x86)\Common Files\Oracle\Java\javapath;C:\Program Files\Amazon Corretto\jdk1.8.0_472\bin;C:\Program Files\Common Files\Oracle\Java\javapath;C:\Program Files\Python313\Scripts\;C:\Program Files\Python313\;C:\WINDOWS\system32;C:\WINDOWS;C:\WINDOWS\System32\Wbem;C:\WINDOWS\System32\WindowsPowerShell\v1.0\;C:\WINDOWS\System32\OpenSSH\;C:\MinGW\bin;C:\Program Files\Java\jdk-24\bin;C:\Program Files\Git\cmd;C:\Program Files\dotnet\;C:\Program Files (x86)\Microsoft SQL Server\160\Tools\Binn\;C:\Program Files\Microsoft SQL Server\160\Tools\Binn\;C:\Program Files\Microsoft SQL Server\Client SDK\ODBC\170\Tools\Binn\;C:\Program Files\Microsoft SQL Server\160\DTS\Binn\;C:\Program Files\Microsoft SQL Server\170\DTS\Binn\;C:\Program Files\nodejs\;C:\Users\kimch\AppData\Local\Programs\Python\Python311\Scripts\;C:\Users\kimch\AppData\Local\Programs\Python\Python311\;C:\Users\kimch\AppData\Local\Microsoft\WindowsApps;C:\Users\kimch\.dotnet\tools;C:\Users\kimch\AppData\Local\Python\bin;C:\Users\kimch\AppData\Local\Pandoc\;C:\Users\kimch\AppData\Local\Programs\Microsoft VS Code\bin;D:\flutter\flutter_windows_3.44.6-stable\flutter\bin;C:\Users\kimch\AppData\Roaming\npm
USERNAME=kimch
OS=Windows_NT
PROCESSOR_IDENTIFIER=Intel64 Family 6 Model 126 Stepping 5, GenuineIntel
TMP=C:\Users\kimch\AppData\Local\Temp
TEMP=C:\Users\kimch\AppData\Local\Temp




Periodic native trim disabled

---------------  S Y S T E M  ---------------

OS:
 Windows 11 , 64 bit Build 26100 (10.0.26100.8875)
OS uptime: 0 days 5:26 hours
Hyper-V role detected

CPU: total 4 (initial active 4) (2 cores per cpu, 2 threads per core) family 6 model 126 stepping 5 microcode 0xa0, cx8, cmov, fxsr, ht, mmx, 3dnowpref, sse, sse2, sse3, ssse3, sse4.1, sse4.2, popcnt, lzcnt, tsc, tscinvbit, avx, avx2, aes, erms, clmul, bmi1, bmi2, adx, avx512f, avx512dq, avx512cd, avx512bw, avx512vl, sha, fma, vzeroupper, avx512_vpopcntdq, avx512_vpclmulqdq, avx512_vaes, avx512_vnni, clflush, clflushopt, avx512_vbmi2, avx512_vbmi, hv, rdtscp, rdpid, fsrm, gfni, avx512_bitalg, f16c, avx512_ifma
Processor Information for the first 4 processors :
  Max Mhz: 1190, Current Mhz: 1190, Mhz Limit: 1190

Memory: 4k page, system-wide physical 3873M (13M free)
TotalPageFile size 15649M (AvailPageFile size 419M)
current process WorkingSet (physical memory assigned to process): 57M, peak: 297M
current process commit charge ("private bytes"): 1016M, peak: 1690M

vm_info: OpenJDK 64-Bit Server VM (21.0.11+10-LTS) for windows-amd64 JRE (21.0.11+10-LTS), built on 2026-04-21T00:00:00Z by "admin" with MS VC++ 17.12 (VS2022)

END.
